// Jest Snapshot v1, https://goo.gl/fbAQLP

exports[`FlashMessage 컴포넌트 렌더링이 올바르게 된다 1`] = `
<View
  style={
    Array [
      Object {
        "left": "5%",
        "marginVertical": -5,
        "position": "absolute",
        "right": "5%",
        "top": 20,
        "zIndex": 1050,
      },
      undefined,
    ]
  }
/>
`;
