// Jest Snapshot v1, https://goo.gl/fbAQLP

exports[`HomeUser 컴포넌트 렌더링이 올바르게 된다 1`] = `
<View
  accessible={true}
  collapsable={false}
  focusable={true}
  nativeID="animatedComponent"
  onClick={[Function]}
  onResponderGrant={[Function]}
  onResponderMove={[Function]}
  onResponderRelease={[Function]}
  onResponderTerminate={[Function]}
  onResponderTerminationRequest={[Function]}
  onStartShouldSetResponder={[Function]}
  style={
    Object {
      "alignItems": "center",
      "justifyContent": "center",
      "opacity": 1,
      "paddingBottom": 0,
      "paddingLeft": 0,
      "paddingRight": 0,
      "paddingTop": 0,
    }
  }
>
  <View
    style={
      Array [
        Object {
          "alignItems": "center",
          "flexDirection": "row",
        },
      ]
    }
  >
    <View
      style={
        Array [
          Object {
            "overflow": "hidden",
          },
          Array [
            Object {
              "borderRadius": 20,
              "height": 40,
              "marginRight": 10,
              "width": 40,
            },
          ],
        ]
      }
    >
      <FastImageView
        resizeMode="cover"
        source={
          Object {
            "uri": "http://placeimg.com/64/64",
          }
        }
        style={
          Object {
            "bottom": 0,
            "left": 0,
            "position": "absolute",
            "right": 0,
            "top": 0,
          }
        }
      />
    </View>
    <Text
      italic={false}
      style={
        Array [
          Object {
            "color": "#000000",
            "fontFamily": "SpoqaHanSansNeo-Bold",
            "fontSize": 16,
            "fontStyle": "normal",
          },
        ]
      }
      weight="bold"
    >
      심바
      (
      정형석
      )
    </Text>
  </View>
</View>
`;
