// Jest Snapshot v1, https://goo.gl/fbAQLP

exports[`Image 컴포넌트 렌더링이 올바르게 된다 1`] = `
<View
  style={
    Array [
      Object {
        "overflow": "hidden",
      },
      undefined,
    ]
  }
>
  <FastImageView
    resizeMode="cover"
    source={
      Object {
        "uri": "https://via.placeholder.com/40x40",
      }
    }
    style={
      Object {
        "bottom": 0,
        "left": 0,
        "position": "absolute",
        "right": 0,
        "top": 0,
      }
    }
  />
</View>
`;
