// Jest Snapshot v1, https://goo.gl/fbAQLP

exports[`KeyboardAvoidingScrollView 컴포넌트 렌더링이 올바르게 된다 1`] = `
<View
  onLayout={[Function]}
  style={
    Object {
      "paddingBottom": 0,
    }
  }
>
  <RCTScrollView>
    <View />
  </RCTScrollView>
</View>
`;
