// Jest Snapshot v1, https://goo.gl/fbAQLP

exports[`RegisterForm 컴포넌트 렌더링이 올바르게 된다 1`] = `
<View
  onLayout={[Function]}
  style={
    Array [
      Array [
        Object {
          "flexBasis": 0,
          "flexGrow": 1,
          "flexShrink": 1,
        },
      ],
      Object {
        "paddingBottom": 0,
      },
    ]
  }
>
  <RCTScrollView>
    <View>
      <View
        style={
          Array [
            Object {
              "paddingBottom": 20,
              "paddingLeft": 20,
              "paddingRight": 20,
              "paddingTop": 20,
            },
          ]
        }
      >
        <Text
          italic={false}
          size={20}
          style={
            Array [
              Object {
                "color": "#000000",
                "fontFamily": "SpoqaHanSansNeo-Bold",
                "fontSize": 20,
                "fontStyle": "normal",
              },
              Object {
                "marginBottom": 20,
              },
            ]
          }
          weight="bold"
        >
          정보를 입력해주세요
        </Text>
        <View
          style={
            Array [
              Object {},
            ]
          }
        >
          <View
            style={
              Array [
                Object {
                  "alignItems": "baseline",
                  "borderBottomColor": "#bbb",
                  "borderBottomWidth": 1,
                  "marginBottom": 4,
                  "paddingBottom": 10,
                  "paddingLeft": 0,
                  "paddingRight": 0,
                  "paddingTop": 10,
                },
              ]
            }
          >
            <Text
              collapsable={false}
              color="foreground"
              nativeID="animatedComponent"
              onLayout={[Function]}
              style={
                Object {
                  "color": "#000000",
                  "fontFamily": "SpoqaHanSansNeo-Regular",
                  "fontSize": 16,
                  "transform": Array [
                    Object {
                      "translateX": 0,
                    },
                    Object {
                      "translateY": 16,
                    },
                    Object {
                      "scale": 1,
                    },
                  ],
                }
              }
            >
              이름
            </Text>
            <TextInput
              autoCompleteType="name"
              autoFocus={true}
              label="이름"
              name="name"
              onBlur={[Function]}
              onChange={[Function]}
              onChangeText={[Function]}
              onFocus={[Function]}
              onSubmitEditing={[Function]}
              returnKeyType="next"
              style={
                Array [
                  Object {
                    "color": "#000000",
                    "fontFamily": "SpoqaHanSansNeo-Regular",
                    "fontSize": 16,
                    "paddingBottom": 0,
                    "paddingLeft": 0,
                    "paddingRight": 0,
                    "paddingTop": 0,
                    "width": "100%",
                  },
                ]
              }
              testID="nameField"
            />
          </View>
        </View>
        <View
          style={
            Array [
              Object {},
            ]
          }
        >
          <View
            style={
              Array [
                Object {
                  "alignItems": "baseline",
                  "borderBottomColor": "#bbb",
                  "borderBottomWidth": 1,
                  "marginBottom": 4,
                  "paddingBottom": 10,
                  "paddingLeft": 0,
                  "paddingRight": 0,
                  "paddingTop": 10,
                },
              ]
            }
          >
            <Text
              collapsable={false}
              color="foreground"
              nativeID="animatedComponent"
              onLayout={[Function]}
              style={
                Object {
                  "color": "#000000",
                  "fontFamily": "SpoqaHanSansNeo-Regular",
                  "fontSize": 16,
                  "transform": Array [
                    Object {
                      "translateX": 0,
                    },
                    Object {
                      "translateY": 16,
                    },
                    Object {
                      "scale": 1,
                    },
                  ],
                }
              }
            >
              닉네임
            </Text>
            <TextInput
              autoCompleteType="username"
              label="닉네임"
              name="nickname"
              onBlur={[Function]}
              onChange={[Function]}
              onChangeText={[Function]}
              onFocus={[Function]}
              onSubmitEditing={[Function]}
              returnKeyType="next"
              style={
                Array [
                  Object {
                    "color": "#000000",
                    "fontFamily": "SpoqaHanSansNeo-Regular",
                    "fontSize": 16,
                    "paddingBottom": 0,
                    "paddingLeft": 0,
                    "paddingRight": 0,
                    "paddingTop": 0,
                    "width": "100%",
                  },
                ]
              }
              testID="nicknameField"
            />
          </View>
        </View>
      </View>
    </View>
  </RCTScrollView>
  <View
    accessibilityState={
      Object {
        "disabled": false,
      }
    }
    accessible={true}
    collapsable={false}
    focusable={true}
    nativeID="animatedComponent"
    onClick={[Function]}
    onResponderGrant={[Function]}
    onResponderMove={[Function]}
    onResponderRelease={[Function]}
    onResponderTerminate={[Function]}
    onResponderTerminationRequest={[Function]}
    onStartShouldSetResponder={[Function]}
    style={
      Object {
        "alignItems": "center",
        "backgroundColor": "#2687ED",
        "justifyContent": "center",
        "marginTop": "auto",
        "opacity": 1,
        "paddingBottom": 14,
        "paddingLeft": 20,
        "paddingRight": 20,
        "paddingTop": 14,
      }
    }
  >
    <Text
      color="white"
      italic={false}
      size={16}
      style={
        Array [
          Object {
            "color": "#ffffff",
            "fontFamily": "SpoqaHanSansNeo-Bold",
            "fontSize": 16,
            "fontStyle": "normal",
          },
        ]
      }
      weight="bold"
    >
      확인
    </Text>
  </View>
</View>
`;
