// Jest Snapshot v1, https://goo.gl/fbAQLP

exports[`Text 컴포넌트 렌더링이 올바르게 된다 1`] = `
<Text
  style={
    Array [
      Object {
        "color": "#000000",
        "fontFamily": "SpoqaHanSansNeo-Regular",
        "fontSize": 16,
      },
    ]
  }
/>
`;
