// Jest Snapshot v1, https://goo.gl/fbAQLP

exports[`Tabs 컴포넌트 렌더링이 올바르게 된다 1`] = `
Array [
  <RCTScrollView
    horizontal={true}
    style={
      Array [
        Object {
          "backgroundColor": "#2687ED",
          "flexDirection": "row",
          "flexGrow": 0,
        },
      ]
    }
  >
    <View>
      <View
        accessible={true}
        collapsable={false}
        focusable={true}
        nativeID="animatedComponent"
        onClick={[Function]}
        onResponderGrant={[Function]}
        onResponderMove={[Function]}
        onResponderRelease={[Function]}
        onResponderTerminate={[Function]}
        onResponderTerminationRequest={[Function]}
        onStartShouldSetResponder={[Function]}
        style={
          Object {
            "alignItems": "center",
            "justifyContent": "center",
            "opacity": 1,
            "paddingBottom": 10,
            "paddingLeft": 16,
            "paddingRight": 16,
            "paddingTop": 10,
          }
        }
      >
        <Text
          color="white"
          italic={false}
          size={16}
          style={
            Array [
              Object {
                "color": "#ffffff",
                "fontFamily": "SpoqaHanSansNeo-Bold",
                "fontSize": 16,
                "fontStyle": "normal",
              },
            ]
          }
          weight="bold"
        >
          Item 0
        </Text>
      </View>
      <View
        accessible={true}
        collapsable={false}
        focusable={true}
        nativeID="animatedComponent"
        onClick={[Function]}
        onResponderGrant={[Function]}
        onResponderMove={[Function]}
        onResponderRelease={[Function]}
        onResponderTerminate={[Function]}
        onResponderTerminationRequest={[Function]}
        onStartShouldSetResponder={[Function]}
        style={
          Object {
            "alignItems": "center",
            "justifyContent": "center",
            "opacity": 1,
            "paddingBottom": 10,
            "paddingLeft": 16,
            "paddingRight": 16,
            "paddingTop": 10,
          }
        }
      >
        <Text
          color="white"
          italic={false}
          size={16}
          style={
            Array [
              Object {
                "color": "#ffffff",
                "fontFamily": "SpoqaHanSansNeo-Regular",
                "fontSize": 16,
                "fontStyle": "normal",
              },
            ]
          }
          weight="normal"
        >
          Item 1
        </Text>
      </View>
      <View
        accessible={true}
        collapsable={false}
        focusable={true}
        nativeID="animatedComponent"
        onClick={[Function]}
        onResponderGrant={[Function]}
        onResponderMove={[Function]}
        onResponderRelease={[Function]}
        onResponderTerminate={[Function]}
        onResponderTerminationRequest={[Function]}
        onStartShouldSetResponder={[Function]}
        style={
          Object {
            "alignItems": "center",
            "justifyContent": "center",
            "opacity": 1,
            "paddingBottom": 10,
            "paddingLeft": 16,
            "paddingRight": 16,
            "paddingTop": 10,
          }
        }
      >
        <Text
          color="white"
          italic={false}
          size={16}
          style={
            Array [
              Object {
                "color": "#ffffff",
                "fontFamily": "SpoqaHanSansNeo-Regular",
                "fontSize": 16,
                "fontStyle": "normal",
              },
            ]
          }
          weight="normal"
        >
          Item 2
        </Text>
      </View>
    </View>
  </RCTScrollView>,
  <View
    collapsable={false}
    nativeID="animatedComponent"
    style={
      Object {
        "opacity": 1,
      }
    }
  >
    <Text
      italic={false}
      style={
        Array [
          Object {
            "color": "#000000",
            "fontFamily": "SpoqaHanSansNeo-Regular",
            "fontSize": 16,
            "fontStyle": "normal",
          },
        ]
      }
    >
      Contents 0
    </Text>
  </View>,
]
`;
