// Jest Snapshot v1, https://goo.gl/fbAQLP

exports[`ProfileScreen 컴포넌트 렌더링이 올바르게 된다 1`] = `
<View
  style={
    Array [
      Object {
        "alignItems": "center",
        "flexBasis": 0,
        "flexGrow": 1,
        "flexShrink": 1,
        "justifyContent": "center",
      },
    ]
  }
>
  <Text
    italic={false}
    style={
      Array [
        Object {
          "color": "#000000",
          "fontFamily": "SpoqaHanSansNeo-Bold",
          "fontSize": 16,
          "fontStyle": "normal",
        },
      ]
    }
    weight="bold"
  >
    로그인 후 이용 가능합니다!
  </Text>
  <View
    style={
      Array [
        Object {
          "alignItems": "center",
          "backgroundColor": "#2687ED",
          "borderRadius": 50,
          "height": 100,
          "justifyContent": "center",
          "marginTop": 10,
          "width": 100,
        },
      ]
    }
  >
    <Text
      italic={false}
      size={40}
      style={
        Array [
          Object {
            "color": "#000000",
            "fontFamily": "SpoqaHanSansNeo-Regular",
            "fontSize": 40,
            "fontStyle": "normal",
          },
        ]
      }
    >
      💪
    </Text>
  </View>
  <View
    accessible={true}
    collapsable={false}
    focusable={true}
    nativeID="animatedComponent"
    onClick={[Function]}
    onResponderGrant={[Function]}
    onResponderMove={[Function]}
    onResponderRelease={[Function]}
    onResponderTerminate={[Function]}
    onResponderTerminationRequest={[Function]}
    onStartShouldSetResponder={[Function]}
    style={
      Object {
        "alignItems": "center",
        "borderColor": "#2687ED",
        "borderRadius": 8,
        "borderStyle": "solid",
        "borderWidth": 1,
        "justifyContent": "center",
        "marginTop": 20,
        "opacity": 1,
        "paddingBottom": 14,
        "paddingLeft": 20,
        "paddingRight": 20,
        "paddingTop": 14,
      }
    }
  >
    <Text
      color="primary"
      italic={false}
      size={12}
      style={
        Array [
          Object {
            "color": "#2687ED",
            "fontFamily": "SpoqaHanSansNeo-Bold",
            "fontSize": 12,
            "fontStyle": "normal",
          },
        ]
      }
      weight="bold"
    >
      로그인 하러가기
    </Text>
  </View>
</View>
`;
